---
source: tui/src/chatwidget/tests/composer_submission.rs
expression: "normalize_snapshot_times(&format!(\"history:\\n{interrupted_history}\\ncomposer:\\n{}\",\nchat.bottom_pane.composer_text()))"
---
history:
                                                                          <TIME>
› revise this prompt


■ Conversation interrupted - use /feedback if something went wrong

composer:
